::1 - - [01/Dec/2025:17:48:06 +0300] "GET / HTTP/1.1" 200 352
::1 - - [01/Dec/2025:17:48:07 +0300] "GET / HTTP/1.1" 304 -
::1 - - [01/Dec/2025:17:48:07 +0300] "GET / HTTP/1.1" 304 -
::1 - - [01/Dec/2025:17:48:07 +0300] "GET / HTTP/1.1" 304 -
::1 - - [01/Dec/2025:17:48:07 +0300] "GET / HTTP/1.1" 304 -
::1 - - [01/Dec/2025:17:48:07 +0300] "GET / HTTP/1.1" 304 -
::1 - - [01/Dec/2025:17:48:07 +0300] "GET / HTTP/1.1" 304 -
::1 - - [01/Dec/2025:17:48:07 +0300] "GET / HTTP/1.1" 304 -
::1 - - [01/Dec/2025:17:48:08 +0300] "GET / HTTP/1.1" 304 -
::1 - - [01/Dec/2025:17:48:08 +0300] "GET / HTTP/1.1" 304 -
::1 - - [01/Dec/2025:17:48:08 +0300] "GET / HTTP/1.1" 304 -
::1 - - [01/Dec/2025:17:48:13 +0300] "GET / HTTP/1.1" 304 -
::1 - - [01/Dec/2025:17:48:13 +0300] "GET / HTTP/1.1" 304 -
::1 - - [01/Dec/2025:17:49:13 +0300] "-" 408 -
127.0.0.1 - - [01/Dec/2025:17:49:14 +0300] "-" 408 -
::1 - - [01/Dec/2025:17:51:41 +0300] "GET / HTTP/1.1" 200 266
::1 - - [01/Dec/2025:17:51:49 +0300] "GET / HTTP/1.1" 200 266
127.0.0.1 - - [01/Dec/2025:17:52:39 +0300] "-" 408 -
127.0.0.1 - - [01/Dec/2025:17:52:48 +0300] "-" 408 -
::1 - - [01/Dec/2025:17:52:49 +0300] "-" 408 -
::1 - - [01/Dec/2025:17:54:02 +0300] "GET / HTTP/1.1" 200 266
127.0.0.1 - - [01/Dec/2025:17:56:09 +0300] "-" 408 -
desktop-njn8e7r - - [01/Dec/2025:18:02:57 +0300] "GET / HTTP/1.1" 304 -
desktop-njn8e7r - - [01/Dec/2025:18:03:01 +0300] "GET / HTTP/1.1" 304 -
desktop-njn8e7r - - [01/Dec/2025:18:03:01 +0300] "GET / HTTP/1.1" 304 -
desktop-njn8e7r - - [01/Dec/2025:18:03:01 +0300] "GET / HTTP/1.1" 304 -
desktop-njn8e7r - - [01/Dec/2025:18:03:01 +0300] "GET / HTTP/1.1" 304 -
desktop-njn8e7r - - [01/Dec/2025:18:03:20 +0300] "GET / HTTP/1.1" 304 -
desktop-njn8e7r - - [01/Dec/2025:18:03:22 +0300] "GET / HTTP/1.1" 403 199
desktop-njn8e7r - - [01/Dec/2025:18:03:22 +0300] "GET / HTTP/1.1" 403 199
desktop-njn8e7r - - [01/Dec/2025:18:03:22 +0300] "GET / HTTP/1.1" 403 199
desktop-njn8e7r - - [01/Dec/2025:18:03:22 +0300] "GET / HTTP/1.1" 403 199
desktop-njn8e7r - - [01/Dec/2025:18:03:22 +0300] "GET / HTTP/1.1" 403 199
desktop-njn8e7r - - [01/Dec/2025:18:03:23 +0300] "GET / HTTP/1.1" 403 199
127.0.0.1 - - [01/Dec/2025:18:03:59 +0300] "-" 408 -
::1 - - [01/Dec/2025:18:04:22 +0300] "-" 408 -
127.0.0.1 - - [01/Dec/2025:18:04:24 +0300] "-" 408 -
desktop-njn8e7r - - [01/Dec/2025:18:04:26 +0300] "GET / HTTP/1.1" 403 199
desktop-njn8e7r - - [01/Dec/2025:18:04:29 +0300] "GET / HTTP/1.1" 403 199
desktop-njn8e7r - - [01/Dec/2025:18:04:31 +0300] "GET / HTTP/1.1" 403 199
desktop-njn8e7r - - [01/Dec/2025:18:04:44 +0300] "GET / HTTP/1.1" 403 199
desktop-njn8e7r - - [01/Dec/2025:18:04:44 +0300] "GET / HTTP/1.1" 403 199
desktop-njn8e7r - - [01/Dec/2025:18:04:45 +0300] "GET / HTTP/1.1" 403 199
desktop-njn8e7r - - [01/Dec/2025:18:04:45 +0300] "GET / HTTP/1.1" 403 199
desktop-njn8e7r - - [01/Dec/2025:18:04:45 +0300] "GET / HTTP/1.1" 403 199
desktop-njn8e7r - - [01/Dec/2025:18:04:45 +0300] "GET / HTTP/1.1" 403 199
desktop-njn8e7r - - [01/Dec/2025:18:04:45 +0300] "GET / HTTP/1.1" 403 199
desktop-njn8e7r - - [01/Dec/2025:18:04:48 +0300] "GET / HTTP/1.1" 403 199
desktop-njn8e7r - - [01/Dec/2025:18:04:49 +0300] "GET / HTTP/1.1" 403 199
desktop-njn8e7r - - [01/Dec/2025:18:04:51 +0300] "GET / HTTP/1.1" 403 199
desktop-njn8e7r - - [01/Dec/2025:18:04:53 +0300] "GET / HTTP/1.1" 403 199
desktop-njn8e7r - - [01/Dec/2025:18:04:57 +0300] "GET / HTTP/1.1" 403 199
desktop-njn8e7r - - [01/Dec/2025:18:04:59 +0300] "GET / HTTP/1.1" 403 199
desktop-njn8e7r - - [01/Dec/2025:18:04:59 +0300] "GET / HTTP/1.1" 403 199
desktop-njn8e7r - - [01/Dec/2025:18:04:59 +0300] "GET / HTTP/1.1" 403 199
desktop-njn8e7r - - [01/Dec/2025:18:05:00 +0300] "GET / HTTP/1.1" 403 199
desktop-njn8e7r - - [01/Dec/2025:18:05:00 +0300] "GET / HTTP/1.1" 403 199
desktop-njn8e7r - - [01/Dec/2025:18:05:02 +0300] "GET / HTTP/1.1" 403 199
desktop-njn8e7r - - [01/Dec/2025:18:05:04 +0300] "GET / HTTP/1.1" 403 199
desktop-njn8e7r - - [01/Dec/2025:18:05:19 +0300] "GET / HTTP/1.1" 403 199
::1 - - [01/Dec/2025:18:05:19 +0300] "GET / HTTP/1.1" 200 266
::1 - - [01/Dec/2025:18:05:19 +0300] "GET / HTTP/1.1" 304 -
::1 - - [01/Dec/2025:18:05:20 +0300] "GET / HTTP/1.1" 304 -
::1 - - [01/Dec/2025:18:05:20 +0300] "GET / HTTP/1.1" 304 -
::1 - - [01/Dec/2025:18:05:21 +0300] "GET / HTTP/1.1" 200 266
::1 - - [01/Dec/2025:18:05:38 +0300] "GET / HTTP/1.1" 304 -
127.0.0.1 - - [01/Dec/2025:18:06:01 +0300] "-" 408 -
::1 - - [01/Dec/2025:18:06:12 +0300] "GET / HTTP/1.1" 304 -
::1 - - [01/Dec/2025:18:06:12 +0300] "GET / HTTP/1.1" 304 -
::1 - - [01/Dec/2025:18:06:12 +0300] "GET / HTTP/1.1" 304 -
127.0.0.1 - - [01/Dec/2025:18:06:23 +0300] "-" 408 -
::1 - - [01/Dec/2025:18:07:12 +0300] "-" 408 -
desktop-njn8e7r - - [01/Dec/2025:18:11:14 +0300] "GET / HTTP/1.1" 403 199
desktop-njn8e7r - - [01/Dec/2025:18:11:15 +0300] "GET / HTTP/1.1" 403 199
desktop-njn8e7r - - [01/Dec/2025:18:11:15 +0300] "GET / HTTP/1.1" 403 199
desktop-njn8e7r - - [01/Dec/2025:18:11:15 +0300] "GET / HTTP/1.1" 403 199
desktop-njn8e7r - - [01/Dec/2025:18:11:15 +0300] "GET / HTTP/1.1" 403 199
desktop-njn8e7r - - [01/Dec/2025:18:11:16 +0300] "GET / HTTP/1.1" 403 199
desktop-njn8e7r - - [01/Dec/2025:18:11:18 +0300] "GET / HTTP/1.1" 403 199
desktop-njn8e7r - - [01/Dec/2025:18:11:20 +0300] "GET / HTTP/1.1" 403 199
desktop-njn8e7r - - [01/Dec/2025:18:11:20 +0300] "GET / HTTP/1.1" 403 199
desktop-njn8e7r - - [01/Dec/2025:18:11:20 +0300] "GET / HTTP/1.1" 403 199
desktop-njn8e7r - - [01/Dec/2025:18:11:20 +0300] "GET / HTTP/1.1" 403 199
desktop-njn8e7r - - [01/Dec/2025:18:11:20 +0300] "GET / HTTP/1.1" 403 199
desktop-njn8e7r - - [01/Dec/2025:18:11:20 +0300] "GET / HTTP/1.1" 403 199
desktop-njn8e7r - - [01/Dec/2025:18:11:20 +0300] "GET / HTTP/1.1" 403 199
desktop-njn8e7r - - [01/Dec/2025:18:11:21 +0300] "GET / HTTP/1.1" 403 199
desktop-njn8e7r - - [01/Dec/2025:18:11:21 +0300] "GET / HTTP/1.1" 403 199
desktop-njn8e7r - - [01/Dec/2025:18:11:21 +0300] "GET / HTTP/1.1" 403 199
desktop-njn8e7r - - [01/Dec/2025:18:11:23 +0300] "GET / HTTP/1.1" 403 199
::1 - - [01/Dec/2025:18:12:14 +0300] "-" 408 -
127.0.0.1 - - [01/Dec/2025:18:12:17 +0300] "-" 408 -
127.0.0.1 - - [01/Dec/2025:18:12:23 +0300] "-" 408 -
desktop-njn8e7r - - [01/Dec/2025:18:13:06 +0300] "GET / HTTP/1.1" 200 266
desktop-njn8e7r - - [01/Dec/2025:18:13:06 +0300] "GET / HTTP/1.1" 304 -
desktop-njn8e7r - - [01/Dec/2025:18:13:06 +0300] "GET / HTTP/1.1" 304 -
desktop-njn8e7r - - [01/Dec/2025:18:13:06 +0300] "GET / HTTP/1.1" 304 -
desktop-njn8e7r - - [01/Dec/2025:18:13:06 +0300] "GET / HTTP/1.1" 304 -
desktop-njn8e7r - - [01/Dec/2025:18:13:08 +0300] "GET / HTTP/1.1" 200 266
desktop-njn8e7r - - [01/Dec/2025:18:13:16 +0300] "GET / HTTP/1.1" 304 -
::1 - - [01/Dec/2025:18:14:16 +0300] "-" 408 -
127.0.0.1 - - [01/Dec/2025:18:14:18 +0300] "-" 408 -
desktop-njn8e7r - - [01/Dec/2025:18:19:11 +0300] "GET / HTTP/1.1" 304 -
desktop-njn8e7r - - [01/Dec/2025:18:19:11 +0300] "GET / HTTP/1.1" 304 -
desktop-njn8e7r - - [01/Dec/2025:18:19:11 +0300] "GET / HTTP/1.1" 304 -
desktop-njn8e7r - - [01/Dec/2025:18:19:11 +0300] "GET / HTTP/1.1" 304 -
desktop-njn8e7r - - [01/Dec/2025:18:19:11 +0300] "GET / HTTP/1.1" 304 -
desktop-njn8e7r - - [01/Dec/2025:18:19:11 +0300] "GET / HTTP/1.1" 304 -
desktop-njn8e7r - - [01/Dec/2025:18:19:13 +0300] "GET / HTTP/1.1" 304 -
desktop-njn8e7r - - [01/Dec/2025:18:19:47 +0300] "GET / HTTP/1.1" 304 -
desktop-njn8e7r - - [01/Dec/2025:18:19:48 +0300] "GET / HTTP/1.1" 304 -
desktop-njn8e7r - - [01/Dec/2025:18:19:48 +0300] "GET / HTTP/1.1" 304 -
desktop-njn8e7r - - [01/Dec/2025:18:19:48 +0300] "GET / HTTP/1.1" 304 -
desktop-njn8e7r - - [01/Dec/2025:18:19:48 +0300] "GET / HTTP/1.1" 304 -
127.0.0.1 - - [01/Dec/2025:18:20:09 +0300] "-" 408 -
127.0.0.1 - - [01/Dec/2025:18:20:39 +0300] "-" 408 -
::1 - - [01/Dec/2025:18:20:48 +0300] "-" 408 -
desktop-njn8e7r - - [01/Dec/2025:18:21:32 +0300] "GET / HTTP/1.1" 304 -
desktop-njn8e7r - - [01/Dec/2025:18:21:32 +0300] "GET / HTTP/1.1" 304 -
desktop-njn8e7r - - [01/Dec/2025:18:21:32 +0300] "GET / HTTP/1.1" 304 -
desktop-njn8e7r - - [01/Dec/2025:18:21:32 +0300] "GET / HTTP/1.1" 304 -
::1 - - [01/Dec/2025:18:22:32 +0300] "-" 408 -
127.0.0.1 - - [01/Dec/2025:18:22:34 +0300] "-" 408 -
::1 - - [01/Dec/2025:18:22:40 +0300] "-" 408 -
desktop-njn8e7r - - [01/Dec/2025:18:22:43 +0300] "GET / HTTP/1.1" 304 -
desktop-njn8e7r - - [01/Dec/2025:18:22:44 +0300] "GET / HTTP/1.1" 304 -
desktop-njn8e7r - - [01/Dec/2025:18:22:44 +0300] "GET / HTTP/1.1" 304 -
desktop-njn8e7r - - [01/Dec/2025:18:22:45 +0300] "GET / HTTP/1.1" 304 -
::1 - - [01/Dec/2025:18:23:43 +0300] "-" 408 -
desktop-njn8e7r - - [01/Dec/2025:18:29:19 +0300] "GET / HTTP/1.1" 304 -
desktop-njn8e7r - - [01/Dec/2025:18:29:21 +0300] "GET / HTTP/1.1" 304 -
::1 - - [01/Dec/2025:18:30:19 +0300] "-" 408 -
127.0.0.1 - - [01/Dec/2025:18:30:20 +0300] "-" 408 -
127.0.0.1 - - [01/Dec/2025:18:30:23 +0300] "-" 408 -
::1 - - [01/Dec/2025:18:41:10 +0300] "GET / HTTP/1.1" 304 -
::1 - - [01/Dec/2025:18:41:10 +0300] "GET / HTTP/1.1" 304 -
::1 - - [01/Dec/2025:18:41:10 +0300] "GET / HTTP/1.1" 304 -
::1 - - [01/Dec/2025:18:41:11 +0300] "GET / HTTP/1.1" 304 -
::1 - - [01/Dec/2025:18:41:13 +0300] "GET / HTTP/1.1" 304 -
::1 - - [01/Dec/2025:18:41:15 +0300] "GET / HTTP/1.1" 304 -
::1 - - [01/Dec/2025:18:41:15 +0300] "GET / HTTP/1.1" 304 -
::1 - - [01/Dec/2025:18:41:15 +0300] "GET / HTTP/1.1" 304 -
::1 - - [01/Dec/2025:18:41:15 +0300] "GET / HTTP/1.1" 304 -
::1 - - [01/Dec/2025:18:41:15 +0300] "GET / HTTP/1.1" 304 -
::1 - - [01/Dec/2025:18:41:15 +0300] "GET / HTTP/1.1" 304 -
::1 - - [01/Dec/2025:18:41:16 +0300] "GET / HTTP/1.1" 304 -
::1 - - [01/Dec/2025:18:41:16 +0300] "GET / HTTP/1.1" 304 -
::1 - - [01/Dec/2025:18:41:16 +0300] "GET / HTTP/1.1" 304 -
::1 - - [01/Dec/2025:18:41:16 +0300] "GET / HTTP/1.1" 304 -
::1 - - [01/Dec/2025:18:41:16 +0300] "GET / HTTP/1.1" 304 -
::1 - - [01/Dec/2025:18:41:16 +0300] "GET / HTTP/1.1" 304 -
::1 - - [01/Dec/2025:18:41:44 +0300] "GET /cgi-bin/printenv.pl HTTP/1.1" 200 2294
::1 - - [01/Dec/2025:18:41:53 +0300] "GET /cgi-bin/printenv.pl HTTP/1.1" 200 2276
127.0.0.1 - - [01/Dec/2025:18:42:12 +0300] "-" 408 -
127.0.0.1 - - [01/Dec/2025:18:42:18 +0300] "-" 408 -
::1 - - [01/Dec/2025:18:42:44 +0300] "-" 408 -
::1 - - [01/Dec/2025:21:32:59 +0300] "GET / HTTP/1.1" 200 1742
::1 - - [01/Dec/2025:21:32:59 +0300] "GET /favicon.ico HTTP/1.1" 404 196
::1 - - [01/Dec/2025:21:33:30 +0300] "GET / HTTP/1.1" 200 1705
::1 - - [01/Dec/2025:21:34:30 +0300] "-" 408 -
::1 - - [01/Dec/2025:21:36:54 +0300] "GET / HTTP/1.1" 304 -
::1 - - [01/Dec/2025:21:36:54 +0300] "GET / HTTP/1.1" 304 -
::1 - - [01/Dec/2025:21:36:55 +0300] "GET / HTTP/1.1" 304 -
::1 - - [01/Dec/2025:21:36:55 +0300] "GET / HTTP/1.1" 304 -
::1 - - [01/Dec/2025:21:36:55 +0300] "GET / HTTP/1.1" 304 -
::1 - - [01/Dec/2025:21:36:55 +0300] "GET / HTTP/1.1" 304 -
::1 - - [01/Dec/2025:21:36:55 +0300] "GET / HTTP/1.1" 304 -
::1 - - [01/Dec/2025:21:36:55 +0300] "GET / HTTP/1.1" 304 -
::1 - - [01/Dec/2025:21:36:56 +0300] "GET / HTTP/1.1" 304 -
::1 - - [01/Dec/2025:21:37:54 +0300] "-" 408 -
::1 - - [01/Dec/2025:21:40:55 +0300] "GET / HTTP/1.1" 304 -
::1 - - [01/Dec/2025:21:40:56 +0300] "GET / HTTP/1.1" 304 -
::1 - - [01/Dec/2025:21:41:08 +0300] "GET /www/test.avi HTTP/1.1" 404 196
::1 - - [01/Dec/2025:21:41:12 +0300] "GET /www/test.avia HTTP/1.1" 404 196
::1 - - [01/Dec/2025:21:41:14 +0300] "GET /www/test.avi HTTP/1.1" 404 196
::1 - - [01/Dec/2025:21:41:20 +0300] "GET /test.avi HTTP/1.1" 403 199
::1 - - [01/Dec/2025:21:42:10 +0300] "GET /nirvana_the-man-who-sold-the-world.mp3 HTTP/1.1" 403 199
::1 - - [01/Dec/2025:21:42:13 +0300] "GET /nirvana_the-man-who-sold-the-world.mp3 HTTP/1.1" 403 199
::1 - - [01/Dec/2025:21:42:13 +0300] "GET /nirvana_the-man-who-sold-the-world.mp3 HTTP/1.1" 403 199
::1 - - [01/Dec/2025:21:43:10 +0300] "-" 408 -
::1 - - [01/Dec/2025:21:43:34 +0300] "GET / HTTP/1.1" 304 -
::1 - - [01/Dec/2025:21:44:04 +0300] "GET /cgi-bin/printenv.pl HTTP/1.1" 500 530
::1 - - [01/Dec/2025:21:44:14 +0300] "GET /cgi-bin/printenv.pl HTTP/1.1" 200 2497
::1 - - [01/Dec/2025:21:45:14 +0300] "-" 408 -
::1 - - [01/Dec/2025:21:47:07 +0300] "GET /cgi-bin/params.pl?name=John&age=25&city=New+York HTTP/1.1" 404 196
::1 - - [01/Dec/2025:21:47:19 +0300] "GET /cgi-bin/givegetparams.pl?name=John&age=25&city=New+York HTTP/1.1" 200 560
::1 - - [01/Dec/2025:21:48:52 +0300] "GET /cgi-bin/givegetparams.pl?lab_work=6&task=2&student_name=Arthur&student_surname=Nyamaa HTTP/1.1" 200 616
::1 - - [01/Dec/2025:21:49:52 +0300] "-" 408 -
